Excluded items:
- Kit_Concrete_Furnace: FieldGuide blacklist
- Kit_Electric_Furnace: FieldGuide blacklist
- Cooking_Station: FieldGuide blacklist
- Kit_Road: FieldGuide blacklist
- DEV_Fireball: FieldGuide blacklist
- Molotov: FieldGuide blacklist
- DEV_Inspection_Tool: FieldGuide blacklist
- DropShip: FieldGuide blacklist
- Meta_Axe: FieldGuide blacklist
- Meta_Pickaxe: FieldGuide blacklist
- Meta_Knife: FieldGuide blacklist
- Wood_Railing_Gate_Refined: FieldGuide blacklist
- Light_Worklamp_Directional: FieldGuide blacklist
- Module_Player_Tracker: FieldGuide blacklist
- Rocket_Part_Top_Mk1: FieldGuide blacklist
- Rocket_Part_Mid_Mk1: FieldGuide blacklist
- Rocket_Part_Bot_Mk1: FieldGuide blacklist
- Glass_Bottle_Beer: FieldGuide blacklist
- DEV_Bug_Tool: FieldGuide blacklist
- Glass_Bottle_Wine: FieldGuide blacklist
- Thermos_IceWater: FieldGuide blacklist
- Rocket_Part_Mid_RespawnPod: FieldGuide blacklist
- DebugViking: FieldGuide blacklist
- Player_Fist: FieldGuide blacklist
- DEV_Pyromancy_Flame: FieldGuide blacklist
- Spacesuit_Cap_Male: Not itemable
- Spacesuit_Cap_Female: Not itemable
- Spacesuit_Cap_Male_01: Not itemable
- Spacesuit_Cap_Female_01: Not itemable
- Spacesuit_Cap_Male_02: Not itemable
- Spacesuit_Cap_Female_02: Not itemable
- Spacesuit_Cap_Male_03: Not itemable
- Spacesuit_Cap_Female_03: Not itemable
- WildSeed_Lily: FieldGuide blacklist
- Spacesuit_Male: Not itemable
- Spacesuit_Female: Not itemable
- Rug_AlphaWolf: FieldGuide blacklist
- Paste_Health_Regen: FieldGuide blacklist
- Paste_Health_Buff: FieldGuide blacklist
- Paste_Health_Restore: FieldGuide blacklist
- Paste_Stamina_Regen: FieldGuide blacklist
- Paste_Stamina_Buff: FieldGuide blacklist
- Paste_Stamina_Restore: FieldGuide blacklist
- Paste_Stamina_Consumption: FieldGuide blacklist
- Paste_Oxygen_Buff: FieldGuide blacklist
- Paste_Oxygen_Restore: FieldGuide blacklist
- Paste_Oxygen_Consumption: FieldGuide blacklist
- Paste_Food_Consumption: FieldGuide blacklist
- Paste_Water_Consumption: FieldGuide blacklist
- Debug_Target: FieldGuide blacklist
- Player_Gravestone_MIA: FieldGuide blacklist
- Player_Gravestone_DBNO: FieldGuide blacklist
- Skin_Head_Female_01: Not itemable
- Skin_Head_Female_02: Not itemable
- Skin_Head_Female_03: Not itemable
- Skin_Head_Female_04: Not itemable
- Skin_Head_Female_05: Not itemable
- Skin_Head_Female_06: Not itemable
- Skin_Head_Male_01: Not itemable
- Skin_Head_Male_02: Not itemable
- Skin_Head_Male_03: Not itemable
- Skin_Head_Male_04: Not itemable
- Skin_Head_Male_05: Not itemable
- Skin_Head_Male_06: Not itemable
- AnimalCarcass_Alpha_Snow_Wolf: FieldGuide blacklist
- Antiseptic_Paste: FieldGuide blacklist
- Antipoison_Item: FieldGuide blacklist
- Blood_Thinner: FieldGuide blacklist
- Glassworking_Bench: FieldGuide blacklist
- SandWorm_Spit: Not itemable
- SandWorm_Spit_Large: Not itemable
- SandWorm_Spit_Multi: Not itemable
- AnimalCarcass_Zebra_Mount: FieldGuide blacklist
- CaveWorm_Spit: Not itemable
- TeenageCaveWorm_Spit: Not itemable
- Wood_Build_HalfPitch: FieldGuide blacklist
- Food_Fish_Dish: FieldGuide blacklist
- Food_Crumbed_Fish_Fillet: FieldGuide blacklist
- Electric_Dehumidifier: FieldGuide blacklist
- Meta_Coal: FieldGuide blacklist
- Basic_Wall_Light: FieldGuide blacklist
- Thermos_GreenTea: FieldGuide blacklist
- Thermos_WildTea: FieldGuide blacklist
- Thermos_Cocoa: FieldGuide blacklist
- Thermos_Coffee: FieldGuide blacklist
- Faction_MIssion_Analyzer: Manual blacklist
- Faction_Mission_Mammoth_Sample: Manual blacklist
- Faction_Mission_Frozen_Mammoth_Sample: Manual blacklist
- Mission_CaveWormEgg: FieldGuide blacklist
- Caveworm_Spit_Large: Not itemable
- Target_DPSDummy: FieldGuide blacklist
- Mission_Communication_Device_T2: FieldGuide blacklist
- AnimalCarcass_Moa_Juvenile: FieldGuide blacklist
- AnimalCarcass_Buffalo_Juvenile: FieldGuide blacklist
- AnimalCarcass_Buffalo_Mount: FieldGuide blacklist
- AnimalCarcass_Moa_Mount: FieldGuide blacklist
- Advanced_Leather_Process: FieldGuide blacklist
- AnimalCarcass_Bear_Contaminated: FieldGuide blacklist
- AnimalCarcass_Blueback_Mount: FieldGuide blacklist
- AnimalCarcass_Blueback_Mount_Daisy: FieldGuide blacklist
- AnimalCarcass_Blueback_Lava_Mount: FieldGuide blacklist
- ProspectorID: FieldGuide blacklist
- AnimalCarcass_SwampQuad_Mount: FieldGuide blacklist
- AnimalCarcass_Snow_Striker_Mount: FieldGuide blacklist
- Dropship_Grenade_Flare: Not itemable
- Filletting_Station: FieldGuide blacklist
- Landshark_Spit: Not itemable
- Landshark_Spit_Large: Not itemable
- Needler_Spike: Not itemable
- LavaHunter_Spit: Not itemable
- GasFlyer_Projectile: Not itemable
- AnimalCarcass_Broodling_WorldSpawn: FieldGuide blacklist
- Rockdog_Spit: Not itemable
- AnimalCarcass_Horse_Mount: FieldGuide blacklist
- Unknown_Ore: FieldGuide blacklist
- AnimalCarcass_Tusker_Mount: FieldGuide blacklist
- AnimalCarcass_Tusker_Juvenile: FieldGuide blacklist
- Honey_Tea: FieldGuide blacklist
- AnimalCarcass_Ice_Mammoth: FieldGuide blacklist
- AnimalCarcass_Ape: FieldGuide blacklist
- AnimalCarcass_Mount_Horse_Standard: FieldGuide blacklist
- AnimalCarcass_Tame_Dog_A: FieldGuide blacklist
- AnimalCarcass_Tame_Dog_B: FieldGuide blacklist
- AnimalCarcass_Tame_Dog_C: FieldGuide blacklist
- AnimalCarcass_Tame_Cat_A: FieldGuide blacklist
- Single_Wall_Light: FieldGuide blacklist
- Exposed_Wall_Light: FieldGuide blacklist
- AnimalCarcass_Arctic_Moa_Mount: FieldGuide blacklist
- AnimalCarcass_Arctic_Moa_Juvenile: FieldGuide blacklist
- Exposed_Wall_Light_Foggy: FieldGuide blacklist
- AnimalCarcass_Tame_Dog_D: FieldGuide blacklist
- Spider_Web: Not itemable
- IceMammoth_Ice_Projectile: Not itemable
- RockGolem_Ceiling_Rock: Not itemable
- Slug_Spit: Not itemable
- HammerheadSlug_Spit: Not itemable
- Electric_Motor: FieldGuide blacklist
- Flagpole: FieldGuide blacklist
- DEV_Transform_Tool: FieldGuide blacklist
- AnimalCarcass_Needler_Fire: No display name
- Metal_Grate_Building: FieldGuide blacklist
- Bunker_BunkBed_TopBunk: FieldGuide blacklist
- Ashlands_Blocker: FieldGuide blacklist
- Rifle_Assault: FieldGuide blacklist
- AnimalCarcass_Lamb: FieldGuide blacklist
- LegendaryWeapon_SlugLauncher: FieldGuide blacklist
- LegendaryWeapon_IceMammoth_Sledgehammer: FieldGuide blacklist
- Collectable_Note: FieldGuide blacklist
- Collectable_Audio_Log: FieldGuide blacklist
- Collectable_Logbook: FieldGuide blacklist
- DecalDeployable: FieldGuide blacklist
- GreatApe_Rock_Projectile: Not itemable
- GreatApe_Rock_Projectile_Fast: Not itemable
- ResearchEquipment_Centrifuge: FieldGuide blacklist
- ResearchEquipment_Flasks: FieldGuide blacklist
- ResearchEquipment_Microscope: FieldGuide blacklist
- ResearchEquipment_TestTubes: FieldGuide blacklist
- ResearchEquipment_LabDesk: FieldGuide blacklist
- GreatApe_Log_Projectile: Not itemable
- FlavoredDrinkIcon_Cocoa: FieldGuide blacklist
- FlavoredDrinkIcon_Coffee: FieldGuide blacklist
- FlavoredDrinkIcon_Gorse: FieldGuide blacklist
- FlavoredDrinkIcon_GreenTea: FieldGuide blacklist
- FlavoredDrinkIcon_Honey: FieldGuide blacklist
- FlavoredDrinkIcon_Ice: FieldGuide blacklist
- FlavoredDrinkIcon_PurificationPill: FieldGuide blacklist
- FlavoredDrinkIcon_Smoothie: FieldGuide blacklist
- FlavoredDrinkIcon_XigoPuri: FieldGuide blacklist
- FlavoredDrinkIcon_Water: FieldGuide blacklist
- FlavoredDrinkIcon_CoffeeCream: FieldGuide blacklist
- ResearchCrate: FieldGuide blacklist
- SlugLauncher_Ammo: Not itemable
- Flamethrower_Fireball: Not itemable
- RockGolem_Gauntlet_Projectile: Not itemable
- Dead_Researcher: FieldGuide blacklist
- Collectable_Clipboard: FieldGuide blacklist
- Collectable_Laptop: FieldGuide blacklist
- Dead_Miner: FieldGuide blacklist
- Dead_Ape: FieldGuide blacklist
- LegendaryWeapon_IceMammoth_Sledgehammer_Ammo: FieldGuide blacklist
- Mission_Generator_NoDestroy: FieldGuide blacklist
- Cave_Bat_Trophy: FieldGuide blacklist
- AnimalCarcass_Ape_Juvenile_Wounded: FieldGuide blacklist
- Landmine_Enemy: FieldGuide blacklist
- Ammo_Sniper_Round_Illumination: FieldGuide blacklist
- AnimalCarcass_SwampBird_Mount: FieldGuide blacklist
- AnimalCarcass_Wooly_Zebra_Mount: FieldGuide blacklist
- AnimalCarcass_SwampBird_Juvenile: FieldGuide blacklist
- Collectable_Note_NoDeploy: FieldGuide blacklist
- AnimalCarcass_WoollyMammoth_Juvenile: FieldGuide blacklist
- Dead_EI_Agent: FieldGuide blacklist
- Prebuilt_Spawn_Location: FieldGuide blacklist
recipe Lantern, recipeSet Crafting_Bench, D_Processing Great_Hunt_Device: no matching StaticItem.Processing
recipe Waterskin, recipeSet Crafting_Bench, D_Processing Great_Hunt_Device: no matching StaticItem.Processing
recipe Oxygen_Bladder, recipeSet Crafting_Bench, D_Processing Great_Hunt_Device: no matching StaticItem.Processing
recipe Rope, recipeSet Crafting_Bench, D_Processing Great_Hunt_Device: no matching StaticItem.Processing
recipe Mortar_And_Pestle, recipeSet Crafting_Bench, D_Processing Great_Hunt_Device: no matching StaticItem.Processing
recipe Machining_Bench, recipeSet Crafting_Bench, D_Processing Great_Hunt_Device: no matching StaticItem.Processing
recipe Skinning_Bench, recipeSet Crafting_Bench, D_Processing Great_Hunt_Device: no matching StaticItem.Processing
recipe Carpentry_Bench, recipeSet Crafting_Bench, D_Processing Great_Hunt_Device: no matching StaticItem.Processing
recipe Cooking_Station, recipeSet Crafting_Bench, D_Processing Great_Hunt_Device: no matching StaticItem.Processing
recipe Stone_Furnace, recipeSet Crafting_Bench, D_Processing Great_Hunt_Device: no matching StaticItem.Processing
recipe Oxite_Dissolver, recipeSet Crafting_Bench, D_Processing Great_Hunt_Device: no matching StaticItem.Processing
recipe Wood_Cupboard, recipeSet Crafting_Bench, D_Processing Great_Hunt_Device: no matching StaticItem.Processing
recipe Wood_Cupboard_Small, recipeSet Crafting_Bench, D_Processing Great_Hunt_Device: no matching StaticItem.Processing
recipe Wall_Torch, recipeSet Crafting_Bench, D_Processing Great_Hunt_Device: no matching StaticItem.Processing
recipe Rain_Reservoir, recipeSet Crafting_Bench, D_Processing Great_Hunt_Device: no matching StaticItem.Processing
recipe Farming_CropPlot, recipeSet Crafting_Bench, D_Processing Great_Hunt_Device: no matching StaticItem.Processing
recipe Biofuel1, recipeSet Composter, D_Processing Natural_Oil_Refiner: no matching StaticItem.Processing
recipe Biofuel5, recipeSet Composter, D_Processing Natural_Oil_Refiner: no matching StaticItem.Processing
recipe Biofuel2, recipeSet Composter, D_Processing Natural_Oil_Refiner: no matching StaticItem.Processing
recipe Biofuel3, recipeSet Composter, D_Processing Natural_Oil_Refiner: no matching StaticItem.Processing
recipe Biofuel4, recipeSet Composter, D_Processing Natural_Oil_Refiner: no matching StaticItem.Processing
recipe Biofuel6, recipeSet Composter, D_Processing Natural_Oil_Refiner: no matching StaticItem.Processing
recipe Biofuel7, recipeSet Composter, D_Processing Natural_Oil_Refiner: no matching StaticItem.Processing
recipe Biofuel8, recipeSet Composter, D_Processing Natural_Oil_Refiner: no matching StaticItem.Processing
recipe Biofuel_9, recipeSet Composter, D_Processing Natural_Oil_Refiner: no matching StaticItem.Processing
recipe Wood_Hedgehog_Medium, recipeSet Crafting_Bench, D_Processing Great_Hunt_Device: no matching StaticItem.Processing
recipe Scorpion_Hedgehog_Medium, recipeSet Crafting_Bench, D_Processing Great_Hunt_Device: no matching StaticItem.Processing
recipe Scorpion_Trap_Medium, recipeSet Crafting_Bench, D_Processing Great_Hunt_Device: no matching StaticItem.Processing
recipe Fireplace, recipeSet Crafting_Bench, D_Processing Great_Hunt_Device: no matching StaticItem.Processing
recipe Fireplace_Chimney_Ext, recipeSet Crafting_Bench, D_Processing Great_Hunt_Device: no matching StaticItem.Processing
recipe Fireplace_Chimney_Cap, recipeSet Crafting_Bench, D_Processing Great_Hunt_Device: no matching StaticItem.Processing
recipe Fireplace_Chimney_Cap_Half, recipeSet Crafting_Bench, D_Processing Great_Hunt_Device: no matching StaticItem.Processing
recipe Ore_Meta, recipeSet Meta_Extractor, D_Processing Extractor: no matching StaticItem.Processing
recipe Fill_Oxygen_Container, recipeSet Oxite_Dissolver, D_Processing Basic_Oxite_Dissolver: no matching StaticItem.Processing
recipe Brazier, recipeSet Crafting_Bench, D_Processing Great_Hunt_Device: no matching StaticItem.Processing
recipe PotBellyStove, recipeSet Crafting_Bench, D_Processing Great_Hunt_Device: no matching StaticItem.Processing
recipe Armor_Bench, recipeSet Crafting_Bench, D_Processing Great_Hunt_Device: no matching StaticItem.Processing
recipe Masonry_Bench, recipeSet Crafting_Bench, D_Processing Great_Hunt_Device: no matching StaticItem.Processing
recipe Herbalism_Bench, recipeSet Crafting_Bench, D_Processing Great_Hunt_Device: no matching StaticItem.Processing
recipe Trophy_Bench, recipeSet Crafting_Bench, D_Processing Great_Hunt_Device: no matching StaticItem.Processing
recipe IceBox, recipeSet Crafting_Bench, D_Processing Great_Hunt_Device: no matching StaticItem.Processing
recipe WaterBomb, recipeSet Crafting_Bench, D_Processing Great_Hunt_Device: no matching StaticItem.Processing
recipe Anvil_Bench, recipeSet Crafting_Bench, D_Processing Great_Hunt_Device: no matching StaticItem.Processing
recipe Leather_Curtain_Door, recipeSet Crafting_Bench, D_Processing Great_Hunt_Device: no matching StaticItem.Processing
recipe Leather_Curtain_Window, recipeSet Crafting_Bench, D_Processing Great_Hunt_Device: no matching StaticItem.Processing
recipe Pistol_Handgun, recipeSet Crafting_Bench, D_Processing Great_Hunt_Device: no matching StaticItem.Processing
recipe LightningRod_Basic, recipeSet Crafting_Bench, D_Processing Great_Hunt_Device: no matching StaticItem.Processing
recipe Animal_Fat, recipeSet Advanced_Butchery_Bench, D_Processing Advanced_Butchery_Bench: no matching StaticItem.Processing
recipe Composter_Wood, recipeSet Crafting_Bench, D_Processing Great_Hunt_Device: no matching StaticItem.Processing
recipe Dried_Giant_Steak, recipeSet T4_Smoker, D_Processing Smoker_T4: no matching StaticItem.Processing
recipe Dried_Fatty_Tbone, recipeSet T4_Smoker, D_Processing Smoker_T4: no matching StaticItem.Processing
recipe Dried_Gamey_Meat, recipeSet T4_Smoker, D_Processing Smoker_T4: no matching StaticItem.Processing
recipe Dried_Soft_Meat, recipeSet T4_Smoker, D_Processing Smoker_T4: no matching StaticItem.Processing
recipe Dried_Stringy_Meat, recipeSet T4_Smoker, D_Processing Smoker_T4: no matching StaticItem.Processing
recipe Dried_White_Meat, recipeSet T4_Smoker, D_Processing Smoker_T4: no matching StaticItem.Processing
recipe Mission_Gyroscope, recipeSet Crafting_Bench, D_Processing Great_Hunt_Device: no matching StaticItem.Processing
recipe Rustic_Decoration_Bench, recipeSet Crafting_Bench, D_Processing Great_Hunt_Device: no matching StaticItem.Processing
recipe Mission_Prototype_Laser, recipeSet Crafting_Bench, D_Processing Great_Hunt_Device: no matching StaticItem.Processing
recipe Raw_Meat_Bacon, recipeSet Advanced_Butchery_Bench, D_Processing Advanced_Butchery_Bench: no matching StaticItem.Processing
recipe Raw_Meat_Soft, recipeSet Advanced_Butchery_Bench, D_Processing Advanced_Butchery_Bench: no matching StaticItem.Processing
recipe Raw_Meat_White, recipeSet Advanced_Butchery_Bench, D_Processing Advanced_Butchery_Bench: no matching StaticItem.Processing
recipe Raw_Meat_Stringy, recipeSet Advanced_Butchery_Bench, D_Processing Advanced_Butchery_Bench: no matching StaticItem.Processing
recipe Raw_Meat_Gamey, recipeSet Advanced_Butchery_Bench, D_Processing Advanced_Butchery_Bench: no matching StaticItem.Processing
recipe Raw_Meat_Tbone, recipeSet Advanced_Butchery_Bench, D_Processing Advanced_Butchery_Bench: no matching StaticItem.Processing
recipe Raw_Meat_Steak, recipeSet Advanced_Butchery_Bench, D_Processing Advanced_Butchery_Bench: no matching StaticItem.Processing
recipe Cured_Leather, recipeSet T4_Smoker, D_Processing Smoker_T4: no matching StaticItem.Processing
recipe Mission_Communicator_T2, recipeSet Crafting_Bench, D_Processing Great_Hunt_Device: no matching StaticItem.Processing
recipe Exotic_Delivery_Interface, recipeSet Crafting_Bench, D_Processing Great_Hunt_Device: no matching StaticItem.Processing
recipe Fortification_Wood_Wall, recipeSet Crafting_Bench, D_Processing Great_Hunt_Device: no matching StaticItem.Processing
recipe Fortification_Wood_Spikes, recipeSet Crafting_Bench, D_Processing Great_Hunt_Device: no matching StaticItem.Processing
recipe Fortification_Wood_Gate, recipeSet Crafting_Bench, D_Processing Great_Hunt_Device: no matching StaticItem.Processing
recipe Fortification_Wood_Walkways, recipeSet Crafting_Bench, D_Processing Great_Hunt_Device: no matching StaticItem.Processing
recipe Fishing_Bench, recipeSet Crafting_Bench, D_Processing Great_Hunt_Device: no matching StaticItem.Processing
recipe Salting_Station, recipeSet Crafting_Bench, D_Processing Great_Hunt_Device: no matching StaticItem.Processing
recipe Dried_Tomato, recipeSet T4_Smoker, D_Processing Smoker_T4: no matching StaticItem.Processing
recipe Dried_Avocado, recipeSet T4_Smoker, D_Processing Smoker_T4: no matching StaticItem.Processing
recipe Dried_Rhubarb, recipeSet T4_Smoker, D_Processing Smoker_T4: no matching StaticItem.Processing
recipe Dried_Freshwater_Fillet, recipeSet T4_Smoker, D_Processing Smoker_T4: no matching StaticItem.Processing
recipe Dried_Saltwater_Fillet, recipeSet T4_Smoker, D_Processing Smoker_T4: no matching StaticItem.Processing
recipe Seed_Biofuel, recipeSet Composter, D_Processing Natural_Oil_Refiner: no matching StaticItem.Processing
Could not find static name for element with RowName=AnimalCarcass_Rabbit_Variant_Snow, DataTableName=D_ItemsStatic while processing recipe Carcass_Rabbit_Variant_Snow
recipe Smoked_Giant_Steak, recipeSet T4_Smoker, D_Processing Smoker_T4: no matching StaticItem.Processing
recipe Smoked_Fatty_Tbone, recipeSet T4_Smoker, D_Processing Smoker_T4: no matching StaticItem.Processing
recipe Smoked_Gamey_Meat, recipeSet T4_Smoker, D_Processing Smoker_T4: no matching StaticItem.Processing
recipe Smoked_Stringy_Meat, recipeSet T4_Smoker, D_Processing Smoker_T4: no matching StaticItem.Processing
recipe Smoked_Soft_Meat, recipeSet T4_Smoker, D_Processing Smoker_T4: no matching StaticItem.Processing
recipe Smoked_White_Meat, recipeSet T4_Smoker, D_Processing Smoker_T4: no matching StaticItem.Processing
recipe Smoked_Freshwater_Fillet, recipeSet T4_Smoker, D_Processing Smoker_T4: no matching StaticItem.Processing
recipe Smoked_Saltwater_Fillet, recipeSet T4_Smoker, D_Processing Smoker_T4: no matching StaticItem.Processing
recipe Dried_Meat_Generic, recipeSet T4_Smoker, D_Processing Smoker_T4: no matching StaticItem.Processing
recipe Smoked_Meat_Generic, recipeSet T4_Smoker, D_Processing Smoker_T4: no matching StaticItem.Processing
recipe Smoked_Bacon, recipeSet T4_Smoker, D_Processing Smoker_T4: no matching StaticItem.Processing
recipe Beehive, recipeSet Crafting_Bench, D_Processing Great_Hunt_Device: no matching StaticItem.Processing
recipe Packed_Fuel_Brick, recipeSet Crafting_Bench, D_Processing Great_Hunt_Device: no matching StaticItem.Processing
recipe Fur_From_Wool, recipeSet Crafting_Bench, D_Processing Great_Hunt_Device: no matching StaticItem.Processing
recipe Animal_Bench, recipeSet Crafting_Bench, D_Processing Great_Hunt_Device: no matching StaticItem.Processing
recipe Wood_Burner, recipeSet Crafting_Bench, D_Processing Great_Hunt_Device: no matching StaticItem.Processing
recipe Dried_Kiwifruit, recipeSet T4_Smoker, D_Processing Smoker_T4: no matching StaticItem.Processing
recipe Crude_Ammo, recipeSet Crafting_Bench, D_Processing Great_Hunt_Device: no matching StaticItem.Processing
recipe MakeshiftRadio, recipeSet Crafting_Bench, D_Processing Great_Hunt_Device: no matching StaticItem.Processing
recipe Butcher_Bacon, recipeSet Advanced_Butchery_Bench, D_Processing Advanced_Butchery_Bench: no matching StaticItem.Processing
recipe Butcher_Meat_Soft, recipeSet Advanced_Butchery_Bench, D_Processing Advanced_Butchery_Bench: no matching StaticItem.Processing
recipe Butcher_Meat_White, recipeSet Advanced_Butchery_Bench, D_Processing Advanced_Butchery_Bench: no matching StaticItem.Processing
recipe Butcher_Meat_Stringy, recipeSet Advanced_Butchery_Bench, D_Processing Advanced_Butchery_Bench: no matching StaticItem.Processing
recipe Butcher_Meat_Gamey, recipeSet Advanced_Butchery_Bench, D_Processing Advanced_Butchery_Bench: no matching StaticItem.Processing
recipe Butcher_Meat_Tbone, recipeSet Advanced_Butchery_Bench, D_Processing Advanced_Butchery_Bench: no matching StaticItem.Processing
recipe Butcher_Meat_Steak, recipeSet Advanced_Butchery_Bench, D_Processing Advanced_Butchery_Bench: no matching StaticItem.Processing
recipe Butcher_Fish, recipeSet Advanced_Butchery_Bench, D_Processing Advanced_Butchery_Bench: no matching StaticItem.Processing
recipe Butcher_Fish_Saltwater, recipeSet Advanced_Butchery_Bench, D_Processing Advanced_Butchery_Bench: no matching StaticItem.Processing
recipe Butcher_Fish_Freshwater, recipeSet Advanced_Butchery_Bench, D_Processing Advanced_Butchery_Bench: no matching StaticItem.Processing
recipe Rope_Silk, recipeSet Crafting_Bench, D_Processing Great_Hunt_Device: no matching StaticItem.Processing
Recipe Carcass_Rabbit_Variant_Snow excluded: Not all inputs/outputs found.
Recipe Stone_Diagonal_Set excluded: Recipe Stone_Diagonal_Set has non-existent requirement Stone_Diagonal
Recipe Stone_Curved_Set excluded: Recipe Stone_Curved_Set has non-existent requirement Stone_Diagonal
Recipe Stone_Diagonal_Curved_Wall_Angles excluded: Recipe Stone_Diagonal_Curved_Wall_Angles has non-existent requirement Stone_Diagonal
Recipe Stone_Wall_Curved excluded: Recipe Stone_Wall_Curved has non-existent requirement Stone_Diagonal
Recipe Stone_Advanced_Beams_Set excluded: Recipe Stone_Advanced_Beams_Set has non-existent requirement Stone_Diagonal
Recipe Stone_Roof_CurvedAngles excluded: Recipe Stone_Roof_CurvedAngles has non-existent requirement Stone_Diagonal
Recipe Scoria_Diagonal_Set excluded: Recipe Scoria_Diagonal_Set has non-existent requirement Scoria_Diagonal
Recipe Scoria_Curved_Set excluded: Recipe Scoria_Curved_Set has non-existent requirement Scoria_Diagonal
Recipe Scoria_Diagonal_Curved_Wall_Angles excluded: Recipe Scoria_Diagonal_Curved_Wall_Angles has non-existent requirement Scoria_Diagonal
Recipe Scoria_Roof_CurvedAngles excluded: Recipe Scoria_Roof_CurvedAngles has non-existent requirement Scoria_Diagonal
Recipe Scoria_Wall_Curved excluded: Recipe Scoria_Wall_Curved has non-existent requirement Scoria_Diagonal
Recipe Scoria_Advanced_Beam_Set excluded: Recipe Scoria_Advanced_Beam_Set has non-existent requirement Scoria_Diagonal
Recipe Ice_Half_Pitch excluded: Recipe Ice_Half_Pitch has non-existent requirement Ice_Advanced
Recipe Ice_Halfpiece excluded: Recipe Ice_Halfpiece has non-existent requirement Ice_Advanced
Recipe Ice_Diagonal_Set excluded: Recipe Ice_Diagonal_Set has non-existent requirement Ice_Diagonal
Recipe Ice_Curved_Set excluded: Recipe Ice_Curved_Set has non-existent requirement Ice_Diagonal
Recipe Ice_Diagonal_Curved_Wall_Angles excluded: Recipe Ice_Diagonal_Curved_Wall_Angles has non-existent requirement Ice_Diagonal
Recipe Ice_Roof_CurvedAngles excluded: Recipe Ice_Roof_CurvedAngles has non-existent requirement Ice_Diagonal
Recipe Ice_Wall_Curved excluded: Recipe Ice_Wall_Curved has non-existent requirement Ice_Diagonal
Recipe Ice_Advanced_Beam_Set excluded: Recipe Ice_Advanced_Beam_Set has non-existent requirement Ice_Diagonal
Recipe Advanced_Butchery_Bench excluded: Recipe Advanced_Butchery_Bench has non-existent requirement Advanced_Butchery_Bench
Recipe ResearchEquipment_Centrifuge excluded: output ResearchEquipment_Centrifuge is not mapped. Reason: FieldGuide blacklist.
Recipe ResearchEquipment_Flasks excluded: output ResearchEquipment_Flasks is not mapped. Reason: FieldGuide blacklist.
Recipe ResearchEquipment_Microscope excluded: output ResearchEquipment_Microscope is not mapped. Reason: FieldGuide blacklist.
Recipe ResearchEquipment_TestTubes excluded: output ResearchEquipment_TestTubes is not mapped. Reason: FieldGuide blacklist.
Recipe ResearchEquipment_LabDesk excluded: output ResearchEquipment_LabDesk is not mapped. Reason: FieldGuide blacklist.
Recipe Assault_Rifle_Legacy excluded: output Rifle_Assault is not mapped. Reason: FieldGuide blacklist.
Of the non-excluded items, 1676 are crafting related, the following 591 are not:
- Kit_Radar
- Envirosuit
- Envirosuit_Sand
- Envirosuit_Deluxe
- Envirosuit_Shengong
- Envirosuit_Shengong_2
- Bed_Wood
- Raw_Fish
- AnimalCarcass_Bear
- AnimalCarcass_Elephant
- AnimalCarcass_PolarBear
- Envirosuit_Tier2
- Envirosuit_Tier3
- Envirosuit_Tier4
- Envirosuit_Tier5
- Envirosuit_Tier6
- Envirosuit_Tier7
- Carbon_Chest
- Carbon_Arms
- Carbon_Legs
- Carbon_Feet
- Carbon_Head
- AnimalCarcass_Cougar_Alpha
- AnimalCarcass_Mammoth
- AnimalCarcass_DeerLarge
- AnimalCarcass_DeerDesertLarge
- AnimalCarcass_Alpha_Wolf
- AnimalCarcass_Alpha_Desert_Wolf
- AnimalCarcass_SnowLeopard_Alpha
- AnimalCarcass_Jaguar_Black
- Bio_Needle
- Faction_Mission_Drill
- Wood_Build_HalfNormal
- Survey_Radar
- Faction_Mission_AquaScanner
- Survey_Transmitter
- Meta_Ration
- Meta_Super_Ration
- Meta_Soda
- Meta_Oxygen_Gel
- Meta_Stamina_Gel
- Meta_Module_PlayerTracker
- Meta_Module_Movement
- Meta_Module_Carry_Weight
- Meta_Module_Poison_Resistance
- Meta_Module_Fire_Resistance
- Meta_Module_Inventory_Slots
- Meta_Module_Inventory_Slots_2
- Meta_Module_Consumption
- Meta_Module_Fall_Damage
- Meta_Axe_Shengong_Alpha
- Meta_Axe_Shengong_Beta
- Meta_Axe_Shengong_Charlie
- Meta_Axe_Shengong_Echo
- Meta_Pickaxe_Shengong_Alpha
- Meta_Pickaxe_Shengong_Beta
- Meta_Pickaxe_Shengong_Charlie
- Meta_Pickaxe_Shengong_Delta
- Meta_Pickaxe_Shengong_Echo
- Meta_Knife_Shengong_Alpha
- Meta_Knife_Shengong_Beta
- Meta_Knife_Shengong_Charlie
- Meta_Knife_Shengong_Delta
- Meta_Knife_Shengong_Echo
- AnimalCarcass_Buffalo
- Meta_Spear_Shengong_Alpha
- Meta_Spear_Shengong_Beta
- Meta_Spear_Shengong_Charlie
- Meta_Spear_Shengong_Delta
- Meta_Spear_Shengong_Echo
- Meta_Hammer_Shengong_Alpha
- Meta_Hammer_Shengong_Beta
- Meta_Bow_Shengong_Alpha
- Meta_Bow_Shengong_Beta
- Meta_Bow_Shengong_Charlie
- Meta_Bow_Shengong_Delta
- Meta_Bow_Shengong_Echo
- Meta_Arrow_Shengong
- Meta_Arrow_Set_Shengong
- Meta_Canteen_Shengong
- Meta_Bandage_Shengong
- Meta_Oxygen_Tank_Shengong
- Meta_Axe_Printed
- Meta_Knife_Printed
- Meta_Pickaxe_Printed
- Meta_Spear_Printed
- Meta_Firewhacker_Printed
- Meta_Arrow_Set_Printed_Alpha
- Meta_Arrow_Set_Printed_Beta
- Meta_Arrow_Set_Printed_Charlie
- Meta_Arrow_Printed_Alpha
- Meta_Arrow_Printed_Beta
- Meta_Arrow_Printed_Charlie
- Meta_Cot_Printed
- Meta_Antibiotic_Vaccine_Alpha
- Meta_Antibiotic_Vaccine_Beta
- Meta_Antibiotic_Vaccine_Charlie
- Meta_Antiparasitic_Vaccine_Alpha
- Meta_Antiparasitic_Vaccine_Beta
- Meta_Antiparasitic_Vaccine_Charlie
- Meta_Antipoison_Vaccine_Alpha
- Meta_Antipoison_Vaccine_Beta
- Meta_Antipoison_Vaccine_Charlie
- Meta_Blood_Thinning_Vaccine_Alpha
- Meta_Blood_Thinning_Vaccine_Beta
- Meta_Blood_Thinning_Vaccine_Charlie
- Faction_Mission_Radar
- Meta_Coal_Set
- Faction_Mission_WallDrill
- Delivery_Object
- Mining_Backpack
- Basic_Quiver
- Basic_Bandolier
- Meta_Campfire_Printed
- Meta_Hammer_Printed
- Meta_Sickle_Printed
- Mission_Ship_Thruster_Salvaged
- Mission_Ship_Cargo
- Meta_Arrow_Inaris_Alpha
- Meta_Arrow_Inaris_Bravo
- Meta_Arrow_Inaris_Set_Bravo
- Meta_Arrow_Inaris_Charlie
- Meta_Arrow_Inaris_Set_Charlie
- Meta_Arrow_Inaris_Delta
- Meta_Arrow_Inaris_Set_Delta
- Meta_Axe_Inaris_Alpha
- Meta_Axe_Inaris_Bravo
- Meta_Axe_Inaris_Charlie
- Meta_Axe_Inaris_Delta
- Meta_Knife_Inaris_Alpha
- Meta_Knife_Inaris_Bravo
- Meta_Knife_Inaris_Charlie
- Meta_Knife_Inaris_Delta
- Meta_Pickaxe_Inaris_Alpha
- Meta_Pickaxe_Inaris_Bravo
- Meta_Pickaxe_Inaris_Charlie
- Meta_Pickaxe_Inaris_Delta
- Meta_Spear_Inaris_Alpha
- Meta_Spear_Inaris_Bravo
- Meta_Spear_Inaris_Charlie
- Meta_Spear_Inaris_Delta
- Meta_Furnace_Printed
- Meta_Crate_Printed
- Meta_Arrow_Set_Inaris_Alpha
- Meta_Corn_Seed
- Meta_Pumpkin_Seed
- Meta_Squash_Seed
- Meta_Carrot_Seed
- Meta_Mushroom_Seed
- Meta_Berry_Seed
- Meta_Watermelon_Seed
- Meta_Wheat_Seed
- Meta_Bean_Seed
- Meta_Module_Animal_Healthbar
- Meta_Module_Animal_Highlighting
- Survival_Backpack
- Meta_Axe_Larkwell
- Meta_Pickaxe_Larkwell
- Meta_Hammer_Larkwell
- Meta_Sickle_Larkwell
- Meta_Knife_Larkwell
- Meta_Spear_Larkwell
- Meta_Arrow_Larkwell_Standard
- Meta_Arrow_Larkwell_Ballistic
- Meta_Arrow_Larkwell_Bleed
- Meta_Arrow_Larkwell_Tazer
- Meta_Bolt_Larkwell_Standard
- Meta_Scanner_DeepOre
- Mission_STYX_D_Research2_Scanner
- Meta_Bow_Larkwell
- Metal_Exotic_Infused_Pickaxe
- AnimalCarcass_Crocodile
- Meta_Carbon_Head_Alpha
- Meta_Carbon_Chest_Alpha
- Meta_Carbon_Arms_Alpha
- Meta_Carbon_Legs_Alpha
- Meta_Carbon_Feet_Alpha
- Meta_Carbon_Head_Beta
- Meta_Carbon_Chest_Beta
- Meta_Carbon_Arms_Beta
- Meta_Carbon_Legs_Beta
- Meta_Carbon_Feet_Beta
- Meta_Backpack_Larkwell_Alpha
- Meta_Backpack_Larkwell_Beta
- Envirosuit_Inaris_Alpha
- Meta_Module_Alpha
- Meta_Module_Beta
- AnimalCarcass_Komodo
- AnimalCarcass_Lava_Komodo
- Meta_Repair_Item
- Meta_Repair_Item_Pack
- Mission_Explosive
- Radar_Meta
- Extractor_Meta
- Biofuel_Can_Meta
- Meta_Power_Source
- Mission_Knife_Lion
- Meta_Module_WorldBoss
- Mission_Analyzer_Egg
- Delivery_Object_Temperature
- AnimalCarcass_BearCub
- Meta_Arrow_Set_Larkwell_Standard
- Meta_Bolt_Set_Larkwell_Standard
- Meta_Arrow_Set_Larkwell_Ballistic
- Meta_Arrow_Set_Larkwell_Bleed
- Meta_Arrow_Set_Larkwell_Tazer
- Prototype_Boss_Tracker
- Mission_Delivery_Crystal
- Mission_Prototype_Battery
- Mission_STYX_D_Research2_Abyssal_Oxite
- Mission_Power_Source
- Meta_Crossbow_Inaris_A
- Meta_Crossbow_Inaris_B
- Meta_Crossbow_Inaris_C
- Meta_Crossbow_Inaris_D
- AnimalCarcass_Scorpion_Arctic
- AnimalCarcass_Scorpion_Armored
- AnimalCarcass_Moa
- Mission_Flora_Biomatter_Sample
- Mission_Digested_Biomatter_Sample
- Mission_Damaged_Bioweapon_Sample
- AnimalCarcass_RockDog
- Mission_Communication_Blueprint_T2
- AnimalCarcass_Needler
- Mission_AudioLog_Prometheus_1
- Mission_AudioLog_Prometheus_2
- AnimalCarcass_Swamp_Quad
- AnimalCarcass_SwampBird
- AnimalCarcass_BlueBack
- AnimalCarcass_BlueBack_Lava
- AnimalCarcass_Spider
- AnimalCarcass_Snow_Striker
- AnimalCarcass_Desert_Striker
- Dynamic_Mission_Beacon
- Dropship_Grenade_Workshop
- AnimalCarcass_Wooly_Zebra_Juvenile
- Fish_01
- Fish_01_Var2
- Fish_01_Var3
- Fish_01_Var4
- Fish_02
- Fish_02_Var2
- Fish_02_Var3
- Fish_02_Var4
- Fish_03
- Fish_03_Var2
- Fish_03_Var3
- Fish_03_Var4
- Fish_04
- Fish_04_Var2
- Fish_04_Var3
- Fish_04_Var4
- Fish_05
- Fish_05_Var2
- Fish_05_Var3
- Fish_05_Var4
- Fish_06
- Fish_06_Var2
- Fish_06_Var3
- Fish_06_Var4
- Fish_07
- Fish_07_Var2
- Fish_07_Var3
- Fish_07_Var4
- Fish_08
- Fish_08_Var2
- Fish_08_Var3
- Fish_08_Var4
- Fish_09
- Fish_09_Var2
- Fish_09_Var3
- Fish_09_Var4
- Fish_10
- Fish_10_Var2
- Fish_10_Var3
- Fish_10_Var4
- Fish_11
- Fish_11_Var2
- Fish_11_Var3
- Fish_11_Var4
- Fish_12
- Fish_12_Var2
- Fish_12_Var3
- Fish_12_Var4
- Fish_13
- Fish_13_Var2
- Fish_13_Var3
- Fish_13_Var4
- Fish_14
- Fish_14_Var2
- Fish_14_Var3
- Fish_14_Var4
- Fish_15
- Fish_16
- Fish_17
- Fish_17_Var2
- Fish_17_Var3
- Fish_17_Var4
- Fish_18
- Fish_18_Var2
- Fish_18_Var3
- Fish_18_Var4
- Fish_19
- Fish_19_Var2
- Fish_19_Var3
- Fish_19_Var4
- Meta_Avocado_Seed
- Meta_Rhubarb_Seed
- Meta_Kumara_Seed
- Meta_Strawberry_Seed
- Meta_Fishfinder
- Envirosuit_Larkwell_Alpha
- Envirosuit_Larkwell_Bravo
- AnimalCarcass_PolarBearCub
- Meta_Bolt_Larkwell_Electroshock
- Meta_Bolt_Set_Larkwell_Electroshock
- Meta_Bolt_Larkwell_Explosive
- Meta_Bolt_Set_Larkwell_Explosive
- Meta_Bolt_Larkwell_Piercing
- Meta_Bolt_Set_Larkwell_Piercing
- Meta_Module_Temperature
- Meta_Module_Caving
- Meta_Module_Extremes
- Meta_Module_Fishing
- Meta_Module_Wounds
- Meta_Module_Taming
- Meta_Heated_Canteen_Larkwell
- Meta_Oxygen_Tank_Larkwell
- Meta_Creature_Scanner
- AnimalCarcass_LavaBomber
- Mission_Tomato
- AnimalCarcass_Swamp_Slug
- AnimalCarcass_Lava_Slug
- Mission_Prototype_Printed_Crate
- AnimalCarcass_Broodling
- Farming_CropPlot_Workshop
- Workshop_Shovel
- Meta_Reed_Seed
- Meta_Yeast_Seed
- Meta_Lily_Seed
- Meta_Cocao_Seed
- Meta_Coffee_Seed
- Meta_GreenTea_Seed
- Meta_WildTea_Seed
- Meta_Fiber_Seed
- Meta_Tomato_Seed
- Meta_Potato_Seed
- AnimalCarcass_Horse
- AnimalCarcass_JuvieHorse
- Meta_Resource_Pack_Wood
- Meta_Resource_Pack_Stone
- Meta_Resource_Pack_Silica
- Meta_Resource_Pack_Oxite
- Meta_Resource_Pack_Sulfur
- Meta_Resource_Pack_Iron
- Meta_Resource_Pack_Copper
- Meta_Resource_Pack_Gold
- Meta_Resource_Pack_Aluminium
- Meta_Resource_Pack_Platinum
- Meta_Resource_Pack_Titanium
- Larkwell_Armor_Alpha_Head
- Larkwell_Armor_Alpha_Chest
- Larkwell_Armor_Alpha_Legs
- Larkwell_Armor_Alpha_Arms
- Larkwell_Armor_Alpha_Feet
- Farmers_Backpack
- Medic_Backpack
- Chefs_Backpack
- Explorers_Backpack
- Tech_Backpack
- Hunters_Backpack
- Larkwell_Armor_Black_Head
- Larkwell_Armor_Black_Chest
- Larkwell_Armor_Black_Arms
- Larkwell_Armor_Black_Legs
- Larkwell_Armor_Black_Feet
- AnimalCarcass_Tusker
- Ice_Halfpiece
- LegendaryWeapon_Black_Wolf_Revolver
- Meta_Biolab_Inhaler_Sandworm
- Meta_Biolab_Inhaler_AlphaWolf
- Meta_Biolab_Inhaler_Scorpion
- Meta_Biolab_Inhaler_IceMammoth
- Queen_Bee
- Worker_Bee
- LegendaryWeapon_Scorpion_Rifle
- Meta_Sickle_Inaris_00
- Meta_Sickle_Inaris_01
- Meta_Sickle_Inaris_02
- Meta_Sickle_Inaris_03
- Mission_AudioLog_Prometheus_3
- Food_Animal_Feed_Speed
- Food_Animal_Feed_CarryWeight
- LegendaryWeapon_Sandworm_Crossbow
- Meta_SugarCane_Seed
- AnimalCarcass_Sheep
- AnimalCarcass_Chicken
- AnimalCarcass_Hammerhead_Slug_Small
- AnimalCarcass_MiniHippo
- Meta_Coconut_Seed
- Meta_Bramble_Seed
- Shotgun_CHAC
- AnimalCarcass_Kiwi
- Mission_AudioLog_Prometheus_4
- Workshop_Chicken
- Workshop_Sheep
- Pistol_CHAC
- Rifle_CHAC
- Pyritic_Crust_Limestone
- Workshop_Dog_A1
- Workshop_Dog_A2
- Workshop_Dog_B1
- Workshop_Dog_B2
- Workshop_Cat_A1
- Workshop_Cat_A2
- Workshop_Cat_A3
- Workshop_Horse_A1
- Workshop_Horse_A2
- Workshop_Horse_A3
- Food_Animal_Feed_High_Quality
- MiniHippo_Egg
- Workshop_Dog_C1
- Dirt_Mound
- AnimalCarcass_Arctic_Moa
- Workshop_Dressing_Kit
- Workshop_Dressing_Bundle
- Workshop_Dog_D1
- Workshop_Dog_D2
- Ammo_Pistol_Round_Workshop
- Ammo_Pistol_Round_Workshop_Bundle
- Frozen_Kiwi
- Meta_Kiwi_Fruit_Seed
- Mission_Kiwi_Egg
- LegendaryWeapon_GolemGauntlet
- LegendaryWeapon_Ape_Club
- Licence
- Ren
- Workshop_Heater
- Workshop_Cooker
- Workshop_Hydrazine_Container
- Bunker_Antenna
- Bunker_Aircon
- Bunker_Broken_Window
- Bunker_Poster
- Bunker_Prop
- Bunker_SolarPanel
- Bunker_Whiteboard
- Bunker_BunkBed
- Bunker_Sign
- Bunker_Base_Sign
- Medic_Cabinet
- Bunker_Locker
- Mission_Stasis_Bag_Full_NPC_4
- Mission_Stasis_Bag_Full_NPC_5
- Teddy_Bear
- Toilet
- IceMammoth_Fractured_Ice
- FieldGuide_Character
- FieldGuide_Biofuel
- FieldGuide_Oxygen
- FieldGuide_Water
- FieldGuide_Milk
- FieldGuide_Electricity
- Bunker_ExtinguisherWallMount
- FieldGuide_PyriticCrust
- Rock_Golem_Grenade_Caltrops
- AnimalCarcass_Cow
- AnimalCarcass_Calf
- AnimalCarcass_Chick
- Workshop_Calf
- Meta_Biolab_Inhaler_LavaHunter
- Meta_Biolab_Inhaler_Hammerhead
- Meta_Biolab_Inhaler_RockGolem
- Meta_Biolab_Inhaler_SwampApe
- Chocolate_Cake_Piece
- Carrot_Cake_Piece
- Coconut_Cake_Piece
- Meta_Resource_Pack_Dirt
- Meta_Resource_Pack_Scoria
- Meta_Resource_Pack_Obsidian
- Meta_Resource_Pack_Clay
- LegendaryWeapon_LavaHunter_FlameThrower
- AnimalCarcass_RockGolem_Juvie
- AnimalCarcass_RockGolem_Juvie_Arctic
- ExperimentalGoop
- AnimalCarcass_Ape_Juvenile
- Lab_Stool
- Mission_Seismic_Probe
- Mission_MammothBioSample
- AnimalCarcass_MammothDesert
- AnimalCarcass_Mammoth_Icy
- Curtain_PlatinumWeave
- Cave_Bat_Head
- Meta_Resource_Pack_Synthetic_Enzymes
- Enemy_Turret_Pistol
- Landmine_Poison
- Landmine_Burn
- Landmine_Shock
- Landmine_Freeze
- Mission_Stasis_Bag_Full_IM_Researcher2
- AnimalCarcass_Swamp_Slug_Enzyme
- Faction_Mission_DownLaser
- Mission_Enzyme_Propogation_Unit
- Mission_Enzyme_Propogation_Hub
- Mission_Biotag
- Prop_Industrial_Sign_Square
- Prop_Industrial_Sign_Triangle
- Prop_Industrial_Sign_Diamond
- Prop_Poster_Fishing
- Prop_Corkboard_Small
- Prop_Corkboard_Large
- Prop_Photo_Frame_Standing
- Prop_Plastic_Crate
- Prop_Burlap_Sack
- Prop_Saddle_Bag
- Prop_Container
- Meta_Banana_Seed
- Prop_Bear_Trap
- Prop_Sled
- Mission_Biochip_A
- Mission_Biochip_B
- Mission_Biochip_C
- Prop_Boardgame
- Prop_Cards
- Prop_Book
- Prop_Bookstack
- Prop_Magazine
- Prop_Propaganda_Sign
- Prop_Poster
- Mission_Shackles
- Prop_Cryogenic_Sample_Storage
- Prop_Clipboard
- Prop_Laptop
- Mission_Stasis_Bag_Full_Ape
- Prop_Flask
- Prop_Lab_Stand
- Prop_Lab_Table
- Prop_Mortar_And_Pestle
- Prop_Test_Tube_Rack
- Prop_Surgical_Masks
- Prop_Pipe1
- Prop_Pipe2
- Prop_Chemicals
- Prop_CleaningSupplies
- Prop_Eye_Wash_Station
- Prop_Large_Flask
- Prop_Stool
- Prop_Labcoats
- Prop_Molecule
- Prop_PaperTowls
- Prop_Goggles
- Prop_Skeleton
- Prop_Science_Tray
- Prop_Soap
- Mission_DNA_Scalpel
- Mission_DNA_MixedBufferSolution
- Mission_DNA_Supernatant
- Mission_DNA_Precipitated
- Mission_DNA_Pellet
- Mission_DNA_Sample
- Mission_DNA_Ruined
- Prop_Lab_Poster
- Prop_Medical_Trolly
- Mission_Examination_Table
- Mission_Poison_Lair_Sample
- Prop_Mining_Rail
- Prop_Mining_Equipment
- Ammo_Shell_Workshop
- Ammo_Shell_Workshop_Bundle
- Splint_Workshop
- Splint_Workshop_Bundle
- LegendaryWeapon_Bow
- LegendaryWeapon_Sniper
- Mission_Stasis_Bag_Full_RG_NPC1
- Mission_Stasis_Bag_Full_RG_NPC2
- Mission_Stasis_Bag_Full_RG_NPC3
- Mission_Stasis_Bag_Full_RG_NPC4
- Ammo_Sniper_Round
- Ammo_Sniper_Round_Workshop_Bundle
- Ammo_Sniper_Round_Explosive
- Ammo_Sniper_Round_Explosive_Workshop_Bundle
- Ammo_Sniper_Round_Incendiary
- Ammo_Sniper_Round_Incendiary_Workshop_Bundle
- Ammo_Rifle_Round_Workshop
- Ammo_Rifle_Round_Workshop_Bundle
- Ammo_AssaultRifle_Round_Workshop
- Ammo_AssaultRifle_Round_Workshop_Bundle
- Prop_Eden_Whiteboard
- AnimalCarcass_WoollyMammoth_Mount
- Workshop_Lamb_Female
- Workshop_Chick_Female
